Uniform distribution used
Fibre 0x56481196ea10 idx=0 on cluster 0 starting index 0
Fibre 0x564811970150 idx=3 on cluster 0 starting index 0
Fibre 0x564811970310 idx=1 on cluster 1 starting index 30164
Fibre 0x5648119703f0 idx=2 on cluster 1 starting index 30164
Fibre 0x564811970230 idx=0 on cluster 1 starting index 30164
Fibre 0x5648119704d0 idx=3 on cluster 1 starting index 30164
Fibre 0x564811970070 idx=2 on cluster 0 starting index 0
Fibre 0x56481196ff90 idx=1 on cluster 0 starting index 0
dataset=49
duration=10
cacheline=64
buffer factor=1
loop factor=1
entries/elems=4426/12544
buffer util=0.353

Per-thread results
Subpath 0/Thread 0 access count=4325629386
Subpath 0/Thread 1 access count=4346900742
Subpath 0/Thread 2 access count=4310753600
Subpath 0/Thread 3 access count=4304973244
Subpath 1/Thread 0 access count=4337280831
Subpath 1/Thread 1 access count=4308828290
Subpath 1/Thread 2 access count=4335138647
Subpath 1/Thread 3 access count=4339316791

Per-subpath results
subpath 0 access count=108387788
subpath 1 access count=140695375

total access count=249083163

Perf
  dataset=49
  results=
LoadManager 0x5648119590C0 9 1:9
Staging 0x564811959180 E: 1 U: 0 0/0 D: 0 C: 0 H: 0 S: 0 B: 0 T: 0 I: 0 W: 0
Processor 0x56481195C690 E: 1 U: 0 0/0 D: 1 C: 0 H: 9 S: 0 B: 1 T: 0 I: 9 W: 9
LoadManager 0x56481195FBB8 19 1:5 2:5 3:5 4:4
Staging 0x56481195FC78 E: 1 U: 0 0/0 D: 0 C: 0 H: 0 S: 0 B: 0 T: 0 I: 0 W: 0
LoadManager 0x56481195FDF0 18 1:3 2:5 3:7 4:3
Staging 0x56481195FEB0 E: 1 U: 0 0/0 D: 0 C: 0 H: 0 S: 0 B: 0 T: 0 I: 0 W: 0
Processor 0x56481196E8A0 E: 1 U: 0 0/0 D: 1 C: 0 H: 4 S: 0 B: 1 T: 0 I: 5 W: 4
Processor 0x56481196EBF0 E: 0 U: 0 0/0 D: 0 C: 0 H: 2 S: 0 B: 0 T: 0 I: 3 W: 2
Processor 0x56481196EEA0 E: 0 U: 0 0/0 D: 0 C: 0 H: 5 S: 0 B: 0 T: 0 I: 6 W: 5
Processor 0x56481196F150 E: 0 U: 0 0/0 D: 0 C: 0 H: 4 S: 0 B: 0 T: 0 I: 5 W: 4
Processor 0x56481196F400 E: 1 U: 0 0/0 D: 1 C: 0 H: 2 S: 0 B: 1 T: 0 I: 3 W: 2
Processor 0x56481196F6B0 E: 0 U: 0 0/0 D: 0 C: 0 H: 6 S: 0 B: 0 T: 0 I: 7 W: 6
Processor 0x56481196F960 E: 0 U: 0 0/0 D: 0 C: 0 H: 3 S: 0 B: 0 T: 0 I: 4 W: 3
Processor 0x56481196FC10 E: 0 U: 0 0/0 D: 0 C: 0 H: 3 S: 0 B: 0 T: 0 I: 4 W: 3
Processor (total) 0x0 E: 6 U: 0 0/0 D: 3 C: 0 H: 38 S: 0 B: 3 T: 0 I: 46 W: 38
LoadManager (total) 0x0 46

 Performance counter stats for '../src/cachetest -T 4,4 -F 4,4 -r 2 -d 10 49':

    34,654,940,427      L1-dcache-loads                                             
    11,321,973,774      L1-dcache-load-misses     #   32.67% of all L1-dcache hits  

      10.027196246 seconds time elapsed

      79.998020000 seconds user
       0.027999000 seconds sys


