Specified CPU Pins:
> Subpath:
>> Thread CPU Ids: 0 
>> Thread CPU Ids: 1 
>> Thread CPU Ids: 2 
>> Thread CPU Ids: 3 
> Subpath:
>> Thread CPU Ids: 4 
>> Thread CPU Ids: 5 
>> Thread CPU Ids: 6 
>> Thread CPU Ids: 7 
Subpath Fibre Counts (migrate=N):
> 4 fibres
> 4 fibres
Uniform distribution used
Thread 139758480750336 (pinned to CPUs: 0,) looping over subpath 0
Thread 139758431725312 (pinned to CPUs: 1,) looping over subpath 0
Thread 139758431815424 (pinned to CPUs: 2,) looping over subpath 0
Thread 139758431905536 (pinned to CPUs: 3,) looping over subpath 0
Thread 139758431635200 (pinned to CPUs: 4,) looping over subpath 1
Thread 139758431364864 (pinned to CPUs: 5,) looping over subpath 1
Thread 139758431454976 (pinned to CPUs: 6,) looping over subpath 1
Thread 139758431545088 (pinned to CPUs: 7,) looping over subpath 1
Fibre 0x55e6f9189600 idx=1 on cluster 0 starting index 0
Fibre 0x55e6f91896e0 idx=2 on cluster 0 starting index 0
Fibre 0x55e6f91898a0 idx=0 on cluster 1 starting index 30164
Fibre 0x55e6f9189a60 idx=2 on cluster 1 starting index 30164
Fibre 0x55e6f9189980 idx=1 on cluster 1 starting index 30164
Fibre 0x55e6f9189b40 idx=3 on cluster 1 starting index 30164
Fibre 0x55e6f9188080 idx=0 on cluster 0 starting index 0
Fibre 0x55e6f91897c0 idx=3 on cluster 0 starting index 0
dataset=49
duration=2
cacheline=64
buffer factor=1
loop factor=1
entries/elems=4426/12544
buffer util=0.353

Per-thread results
Subpath 0/Thread 0 access count=844845946
Subpath 0/Thread 1 access count=844436541
Subpath 0/Thread 2 access count=844783982
Subpath 0/Thread 3 access count=843717316
Subpath 1/Thread 0 access count=842137234
Subpath 1/Thread 1 access count=840756322
Subpath 1/Thread 2 access count=841238756
Subpath 1/Thread 3 access count=842564343

Per-subpath results
subpath 0 access count=18446744072792368105
subpath 1 access count=18446744072781280975

total access count=18446744071864097464

Perf
  dataset=49
  results=
LoadManager 0x55E6F9172730 9 1:9
Staging 0x55E6F91727F0 E: 1 U: 0 0/0 D: 0 C: 0 H: 0 S: 0 B: 0 T: 0 I: 0 W: 0
Processor 0x55E6F9175D00 E: 1 U: 0 0/0 D: 1 C: 0 H: 9 S: 0 B: 1 T: 0 I: 9 W: 9
LoadManager 0x55E6F9179228 19 1:5 2:5 3:6 4:3
Staging 0x55E6F91792E8 E: 1 U: 0 0/0 D: 0 C: 0 H: 0 S: 0 B: 0 T: 0 I: 0 W: 0
LoadManager 0x55E6F9179460 17 1:4 2:4 3:6 4:3
Staging 0x55E6F9179520 E: 1 U: 0 0/0 D: 0 C: 0 H: 0 S: 0 B: 0 T: 0 I: 0 W: 0
Processor 0x55E6F9187F10 E: 1 U: 0 0/0 D: 1 C: 0 H: 9 S: 0 B: 1 T: 0 I: 10 W: 9
Processor 0x55E6F9188260 E: 0 U: 0 0/0 D: 0 C: 0 H: 2 S: 0 B: 0 T: 0 I: 3 W: 2
Processor 0x55E6F9188510 E: 0 U: 0 0/0 D: 0 C: 0 H: 2 S: 0 B: 0 T: 0 I: 3 W: 2
Processor 0x55E6F91887C0 E: 0 U: 0 0/0 D: 0 C: 0 H: 2 S: 0 B: 0 T: 0 I: 3 W: 2
Processor 0x55E6F9188A70 E: 1 U: 0 0/0 D: 1 C: 0 H: 5 S: 0 B: 1 T: 0 I: 6 W: 5
Processor 0x55E6F9188D20 E: 0 U: 0 0/0 D: 0 C: 0 H: 3 S: 0 B: 0 T: 0 I: 4 W: 3
Processor 0x55E6F9188FD0 E: 0 U: 0 0/0 D: 0 C: 0 H: 3 S: 0 B: 0 T: 0 I: 4 W: 3
Processor 0x55E6F9189280 E: 0 U: 0 0/0 D: 0 C: 0 H: 2 S: 0 B: 0 T: 0 I: 3 W: 2
Processor (total) 0x0 E: 6 U: 0 0/0 D: 3 C: 0 H: 37 S: 0 B: 3 T: 0 I: 45 W: 37
LoadManager (total) 0x0 45

 Performance counter stats for '../src/cachetest -T 4,4 -C 0-3.4-7 -I -F 4,4 -r 2 -d 2 49':

     6,763,438,260      L1-dcache-loads                                             
     2,207,784,783      L1-dcache-load-misses     #   32.64% of all L1-dcache hits  

       2.027624090 seconds time elapsed

      16.008815000 seconds user
       0.020001000 seconds sys


