Specified CPU Pins:
> Subpath:
>> Thread CPU Ids: 3 2 1 0 
>> Thread CPU Ids: 3 2 1 0 
>> Thread CPU Ids: 3 2 1 0 
>> Thread CPU Ids: 3 2 1 0 
> Subpath:
>> Thread CPU Ids: 7 6 5 4 
>> Thread CPU Ids: 7 6 5 4 
>> Thread CPU Ids: 7 6 5 4 
>> Thread CPU Ids: 7 6 5 4 
Subpath Fibre Counts (migrate=N):
> 4 fibres
> 4 fibres
Uniform distribution used
Thread 140407440279296 (pinned to CPUs: 0,1,2,3,) looping over subpath 0
Thread 140407391254272 (pinned to CPUs: 0,1,2,3,) looping over subpath 0
Thread 140407391344384 (pinned to CPUs: 0,1,2,3,) looping over subpath 0
Thread 140407391434496 (pinned to CPUs: 0,1,2,3,) looping over subpath 0
Thread 140407391164160 (pinned to CPUs: 4,5,6,7,) looping over subpath 1
Thread 140407390893824 (pinned to CPUs: 4,5,6,7,) looping over subpath 1
Thread 140407390983936 (pinned to CPUs: 4,5,6,7,) looping over subpath 1
Thread 140407391074048 (pinned to CPUs: 4,5,6,7,) looping over subpath 1
Fibre 0x55b012546a70 idx=1 on cluster 0 starting index 0
Fibre 0x55b012546c30 idx=3 on cluster 0 starting index 0
Fibre 0x55b012546b50 idx=2 on cluster 0 starting index 0
Fibre 0x55b012546d10 idx=0 on cluster 1 starting index 30164
Fibre 0x55b012546df0 idx=1 on cluster 1 starting index 30164
Fibre 0x55b012546fb0 idx=3 on cluster 1 starting index 30164
Fibre 0x55b0125454f0 idx=0 on cluster 0 starting index 0
Fibre 0x55b012546ed0 idx=2 on cluster 1 starting index 30164
dataset=49
duration=2
cacheline=64
buffer factor=1
loop factor=1
entries/elems=4426/12544
buffer util=0.353

Per-thread results
Subpath 0/Thread 0 access count=805549705
Subpath 0/Thread 1 access count=808570450
Subpath 0/Thread 2 access count=809114848
Subpath 0/Thread 3 access count=807689676
Subpath 1/Thread 0 access count=806461461
Subpath 1/Thread 1 access count=805649290
Subpath 1/Thread 2 access count=806222457
Subpath 1/Thread 3 access count=806634075

Per-subpath results
subpath 0 access count=18446744072645508999
subpath 1 access count=18446744072639551603

total access count=18446744071575508986

Perf
  dataset=49
  results=
LoadManager 0x55B01252FC10 9 1:9
Staging 0x55B01252FCD0 E: 1 U: 0 0/0 D: 0 C: 0 H: 0 S: 0 B: 0 T: 0 I: 0 W: 0
Processor 0x55B012533190 E: 1 U: 0 0/0 D: 1 C: 0 H: 9 S: 0 B: 1 T: 0 I: 9 W: 9
LoadManager 0x55B0125366B8 17 1:4 2:4 3:5 4:4
Staging 0x55B012536778 E: 1 U: 0 0/0 D: 0 C: 0 H: 0 S: 0 B: 0 T: 0 I: 0 W: 0
LoadManager 0x55B0125368F0 20 1:3 2:5 3:7 4:5
Staging 0x55B0125369B0 E: 1 U: 0 0/0 D: 0 C: 0 H: 0 S: 0 B: 0 T: 0 I: 0 W: 0
Processor 0x55B012545380 E: 1 U: 0 0/0 D: 1 C: 0 H: 7 S: 0 B: 1 T: 0 I: 8 W: 7
Processor 0x55B0125456D0 E: 0 U: 0 0/0 D: 0 C: 0 H: 2 S: 0 B: 0 T: 0 I: 3 W: 2
Processor 0x55B012545980 E: 0 U: 0 0/0 D: 0 C: 0 H: 2 S: 0 B: 0 T: 0 I: 3 W: 2
Processor 0x55B012545C30 E: 0 U: 0 0/0 D: 0 C: 0 H: 2 S: 0 B: 0 T: 0 I: 3 W: 2
Processor 0x55B012545EE0 E: 1 U: 0 0/0 D: 1 C: 0 H: 6 S: 0 B: 1 T: 0 I: 7 W: 6
Processor 0x55B012546190 E: 0 U: 0 0/0 D: 0 C: 0 H: 1 S: 0 B: 0 T: 0 I: 2 W: 1
Processor 0x55B012546440 E: 0 U: 0 0/0 D: 0 C: 0 H: 5 S: 0 B: 0 T: 0 I: 6 W: 5
Processor 0x55B0125466F0 E: 0 U: 0 0/0 D: 0 C: 0 H: 4 S: 0 B: 0 T: 0 I: 5 W: 4
Processor (total) 0x0 E: 6 U: 0 0/0 D: 3 C: 0 H: 38 S: 0 B: 3 T: 0 I: 46 W: 38
LoadManager (total) 0x0 46

 Performance counter stats for '../src/cachetest -T 4,4 -C 0-3.4-7 -F 4,4 -r 2 -d 2 49':

     6,474,071,623      L1-dcache-loads                                             
     2,110,136,059      L1-dcache-load-misses     #   32.59% of all L1-dcache hits  

       2.026972581 seconds time elapsed

      15.997653000 seconds user
       0.020002000 seconds sys


