Specified CPU Pins:
> Subpath:
>> Thread CPU Ids: 0 
>> Thread CPU Ids: 1 
>> Thread CPU Ids: 2 
>> Thread CPU Ids: 3 
> Subpath:
>> Thread CPU Ids: 4 
>> Thread CPU Ids: 5 
>> Thread CPU Ids: 6 
>> Thread CPU Ids: 7 
Subpath Fibre Counts (migrate=N):
> 4 fibres
> 4 fibres
Uniform distribution used
Thread 140343232644864 (pinned to CPUs: 0,) looping over subpath 0
Thread 140343183619840 (pinned to CPUs: 1,) looping over subpath 0
Thread 140343183709952 (pinned to CPUs: 2,) looping over subpath 0
Thread 140343183800064 (pinned to CPUs: 3,) looping over subpath 0
Thread 140343183529728 (pinned to CPUs: 4,) looping over subpath 1
Thread 140343183259392 (pinned to CPUs: 5,) looping over subpath 1
Thread 140343183349504 (pinned to CPUs: 6,) looping over subpath 1
Thread 140343183439616 (pinned to CPUs: 7,) looping over subpath 1
Fibre 0x55e55578a080 idx=0 on cluster 0 starting index 0
Fibre 0x55e55578b6e0 idx=2 on cluster 0 starting index 0
Fibre 0x55e55578ba60 idx=2 on cluster 1 starting index 30164
Fibre 0x55e55578b7c0 idx=3 on cluster 0 starting index 0
Fibre 0x55e55578b8a0 idx=0 on cluster 1 starting index 30164
Fibre 0x55e55578b980 idx=1 on cluster 1 starting index 30164
Fibre 0x55e55578b600 idx=1 on cluster 0 starting index 0
Fibre 0x55e55578bb40 idx=3 on cluster 1 starting index 30164
dataset=49
duration=10
cacheline=64
buffer factor=1
loop factor=1
entries/elems=4426/12544
buffer util=0.353

Per-thread results
Subpath 0/Thread 0 access count=4192139013
Subpath 0/Thread 1 access count=4199517155
Subpath 0/Thread 2 access count=4195982994
Subpath 0/Thread 3 access count=4191747312
Subpath 1/Thread 0 access count=4179697527
Subpath 1/Thread 1 access count=4180421178
Subpath 1/Thread 2 access count=4179637776
Subpath 1/Thread 3 access count=4181222284

Per-subpath results
subpath 0 access count=18446744073309068906
subpath 1 access count=18446744073250661197

total access count=18446744072850178487

Perf
  dataset=49
  results=
LoadManager 0x55E555774730 9 1:9
Staging 0x55E5557747F0 E: 1 U: 0 0/0 D: 0 C: 0 H: 0 S: 0 B: 0 T: 0 I: 0 W: 0
Processor 0x55E555777D00 E: 1 U: 0 0/0 D: 1 C: 0 H: 9 S: 0 B: 1 T: 0 I: 9 W: 9
LoadManager 0x55E55577B228 19 1:5 2:4 3:5 4:5
Staging 0x55E55577B2E8 E: 1 U: 0 0/0 D: 0 C: 0 H: 0 S: 0 B: 0 T: 0 I: 0 W: 0
LoadManager 0x55E55577B460 17 1:4 2:5 3:5 4:3
Staging 0x55E55577B520 E: 1 U: 0 0/0 D: 0 C: 0 H: 0 S: 0 B: 0 T: 0 I: 0 W: 0
Processor 0x55E555789F10 E: 1 U: 0 0/0 D: 1 C: 0 H: 4 S: 0 B: 1 T: 0 I: 5 W: 4
Processor 0x55E55578A260 E: 0 U: 0 0/0 D: 0 C: 0 H: 5 S: 0 B: 0 T: 0 I: 6 W: 5
Processor 0x55E55578A510 E: 0 U: 0 0/0 D: 0 C: 0 H: 3 S: 0 B: 0 T: 0 I: 4 W: 3
Processor 0x55E55578A7C0 E: 0 U: 0 0/0 D: 0 C: 0 H: 3 S: 0 B: 0 T: 0 I: 4 W: 3
Processor 0x55E55578AA70 E: 1 U: 0 0/0 D: 1 C: 0 H: 6 S: 0 B: 1 T: 0 I: 7 W: 6
Processor 0x55E55578AD20 E: 0 U: 0 0/0 D: 0 C: 0 H: 2 S: 0 B: 0 T: 0 I: 3 W: 2
Processor 0x55E55578AFD0 E: 0 U: 0 0/0 D: 0 C: 0 H: 3 S: 0 B: 0 T: 0 I: 4 W: 3
Processor 0x55E55578B280 E: 0 U: 0 0/0 D: 0 C: 0 H: 2 S: 0 B: 0 T: 0 I: 3 W: 2
Processor (total) 0x0 E: 6 U: 0 0/0 D: 3 C: 0 H: 37 S: 0 B: 3 T: 0 I: 45 W: 37
LoadManager (total) 0x0 45

 Performance counter stats for '../src/cachetest -T 4,4 -C 0-3.4-7 -I -F 4,4 -r 2 -d 10 49':

    33,564,711,140      L1-dcache-loads                                             
    10,969,596,737      L1-dcache-load-misses     #   32.68% of all L1-dcache hits  

      10.038050139 seconds time elapsed

      80.001812000 seconds user
       0.023998000 seconds sys


