Uniform distribution used
Fibre 0x5650c4dd3a10 idx=0 on cluster 0 starting index 0
Fibre 0x5650c4dd5150 idx=3 on cluster 0 starting index 0
Fibre 0x5650c4dd4f90 idx=1 on cluster 0 starting index 0
Fibre 0x5650c4dd5230 idx=0 on cluster 1 starting index 30164
Fibre 0x5650c4dd5070 idx=2 on cluster 0 starting index 0
Fibre 0x5650c4dd53f0 idx=2 on cluster 1 starting index 30164
Fibre 0x5650c4dd54d0 idx=3 on cluster 1 starting index 30164
Fibre 0x5650c4dd5310 idx=1 on cluster 1 starting index 30164
dataset=49
duration=2
cacheline=64
buffer factor=1
loop factor=1
entries/elems=4426/12544
buffer util=0.353

Per-thread results
Subpath 0/Thread 0 access count=834931706
Subpath 0/Thread 1 access count=870700425
Subpath 0/Thread 2 access count=817411385
Subpath 0/Thread 3 access count=870383966
Subpath 1/Thread 0 access count=867690745
Subpath 1/Thread 1 access count=807791474
Subpath 1/Thread 2 access count=823665323
Subpath 1/Thread 3 access count=867772626

Per-subpath results
subpath 0 access count=18446744072808011802
subpath 1 access count=18446744072781504488

total access count=18446744071879964674

Perf
  dataset=49
  results=
LoadManager 0x5650C4DBE0C0 9 1:9
Staging 0x5650C4DBE180 E: 1 U: 0 0/0 D: 0 C: 0 H: 0 S: 0 B: 0 T: 0 I: 0 W: 0
Processor 0x5650C4DC1690 E: 1 U: 0 0/0 D: 1 C: 0 H: 9 S: 0 B: 1 T: 0 I: 9 W: 9
LoadManager 0x5650C4DC4BB8 16 1:3 2:5 3:4 4:4
Staging 0x5650C4DC4C78 E: 1 U: 0 0/0 D: 0 C: 0 H: 0 S: 0 B: 0 T: 0 I: 0 W: 0
LoadManager 0x5650C4DC4DF0 19 1:4 2:5 3:6 4:4
Staging 0x5650C4DC4EB0 E: 1 U: 0 0/0 D: 0 C: 0 H: 0 S: 0 B: 0 T: 0 I: 0 W: 0
Processor 0x5650C4DD38A0 E: 1 U: 0 0/0 D: 1 C: 0 H: 6 S: 0 B: 1 T: 0 I: 7 W: 6
Processor 0x5650C4DD3BF0 E: 0 U: 0 0/0 D: 0 C: 0 H: 1 S: 0 B: 0 T: 0 I: 2 W: 1
Processor 0x5650C4DD3EA0 E: 0 U: 0 0/0 D: 0 C: 0 H: 2 S: 0 B: 0 T: 0 I: 3 W: 2
Processor 0x5650C4DD4150 E: 0 U: 0 0/0 D: 0 C: 0 H: 3 S: 0 B: 0 T: 0 I: 4 W: 3
Processor 0x5650C4DD4400 E: 1 U: 0 0/0 D: 1 C: 0 H: 7 S: 0 B: 1 T: 0 I: 8 W: 7
Processor 0x5650C4DD46B0 E: 0 U: 0 0/0 D: 0 C: 0 H: 3 S: 0 B: 0 T: 0 I: 4 W: 3
Processor 0x5650C4DD4960 E: 0 U: 0 0/0 D: 0 C: 0 H: 2 S: 0 B: 0 T: 0 I: 3 W: 2
Processor 0x5650C4DD4C10 E: 0 U: 0 0/0 D: 0 C: 0 H: 3 S: 0 B: 0 T: 0 I: 4 W: 3
Processor (total) 0x0 E: 6 U: 0 0/0 D: 3 C: 0 H: 36 S: 0 B: 3 T: 0 I: 44 W: 36
LoadManager (total) 0x0 44

 Performance counter stats for '../src/cachetest -T 4,4 -F 4,4 -r 2 -d 2 49':

     6,778,342,598      L1-dcache-loads                                             
     2,211,943,275      L1-dcache-load-misses     #   32.63% of all L1-dcache hits  

       2.022266646 seconds time elapsed

      15.988421000 seconds user
       0.027986000 seconds sys


