Uniform distribution used
Fibre 0x560eb6889f90 idx=1 on cluster 0 starting index 0
Fibre 0x560eb688a150 idx=3 on cluster 0 starting index 0
Fibre 0x560eb688a310 idx=1 on cluster 1 starting index 30164
Fibre 0x560eb688a070 idx=2 on cluster 0 starting index 0
Fibre 0x560eb688a3f0 idx=2 on cluster 1 starting index 30164
Fibre 0x560eb688a230 idx=0 on cluster 1 starting index 30164
Fibre 0x560eb688a4d0 idx=3 on cluster 1 starting index 30164
Fibre 0x560eb6888a10 idx=0 on cluster 0 starting index 0
dataset=49
duration=20
cacheline=64
buffer factor=1
loop factor=1
entries/elems=4426/12544
buffer util=0.353

Per-thread results
Subpath 0/Thread 0 access count=8674853777
Subpath 0/Thread 1 access count=8629896682
Subpath 0/Thread 2 access count=8641935402
Subpath 0/Thread 3 access count=8647301927
Subpath 1/Thread 0 access count=8645038028
Subpath 1/Thread 1 access count=8647755592
Subpath 1/Thread 2 access count=8648306629
Subpath 1/Thread 3 access count=8618729884

Per-subpath results
subpath 0 access count=234249420
subpath 1 access count=200091765

total access count=434341185

Perf
  dataset=49
  results=
LoadManager 0x560EB68730C0 9 1:9
Staging 0x560EB6873180 E: 1 U: 0 0/0 D: 0 C: 0 H: 0 S: 0 B: 0 T: 0 I: 0 W: 0
Processor 0x560EB6876690 E: 1 U: 0 0/0 D: 1 C: 0 H: 9 S: 0 B: 1 T: 0 I: 9 W: 9
LoadManager 0x560EB6879BB8 18 1:5 2:4 3:4 4:5
Staging 0x560EB6879C78 E: 1 U: 0 0/0 D: 0 C: 0 H: 0 S: 0 B: 0 T: 0 I: 0 W: 0
LoadManager 0x560EB6879DF0 19 1:3 2:5 3:7 4:4
Staging 0x560EB6879EB0 E: 1 U: 0 0/0 D: 0 C: 0 H: 0 S: 0 B: 0 T: 0 I: 0 W: 0
Processor 0x560EB68888A0 E: 1 U: 0 0/0 D: 1 C: 0 H: 8 S: 0 B: 1 T: 0 I: 9 W: 8
Processor 0x560EB6888BF0 E: 0 U: 0 0/0 D: 0 C: 0 H: 2 S: 0 B: 0 T: 0 I: 3 W: 2
Processor 0x560EB6888EA0 E: 0 U: 0 0/0 D: 0 C: 0 H: 2 S: 0 B: 0 T: 0 I: 3 W: 2
Processor 0x560EB6889150 E: 0 U: 0 0/0 D: 0 C: 0 H: 2 S: 0 B: 0 T: 0 I: 3 W: 2
Processor 0x560EB6889400 E: 1 U: 0 0/0 D: 1 C: 0 H: 4 S: 0 B: 1 T: 0 I: 5 W: 4
Processor 0x560EB68896B0 E: 0 U: 0 0/0 D: 0 C: 0 H: 1 S: 0 B: 0 T: 0 I: 2 W: 1
Processor 0x560EB6889960 E: 0 U: 0 0/0 D: 0 C: 0 H: 5 S: 0 B: 0 T: 0 I: 6 W: 5
Processor 0x560EB6889C10 E: 0 U: 0 0/0 D: 0 C: 0 H: 5 S: 0 B: 0 T: 0 I: 6 W: 5
Processor (total) 0x0 E: 6 U: 0 0/0 D: 3 C: 0 H: 38 S: 0 B: 3 T: 0 I: 46 W: 38
LoadManager (total) 0x0 46

 Performance counter stats for '../src/cachetest -T 4,4 -F 4,4 -r 2 -d 20 49':

    69,233,614,783      L1-dcache-loads                                             
    22,609,659,690      L1-dcache-load-misses     #   32.66% of all L1-dcache hits  

      20.030786060 seconds time elapsed

     159.997658000 seconds user
       0.015999000 seconds sys


