Specified CPU Pins:
> Subpath:
>> Thread CPU Ids: 3 2 1 0 
>> Thread CPU Ids: 3 2 1 0 
>> Thread CPU Ids: 3 2 1 0 
>> Thread CPU Ids: 3 2 1 0 
> Subpath:
>> Thread CPU Ids: 7 6 5 4 
>> Thread CPU Ids: 7 6 5 4 
>> Thread CPU Ids: 7 6 5 4 
>> Thread CPU Ids: 7 6 5 4 
Subpath Fibre Counts (migrate=N):
> 4 fibres
> 4 fibres
Uniform distribution used
Thread 139765455206144 (pinned to CPUs: 0,1,2,3,) looping over subpath 0
Thread 139765406181120 (pinned to CPUs: 0,1,2,3,) looping over subpath 0
Thread 139765406271232 (pinned to CPUs: 0,1,2,3,) looping over subpath 0
Thread 139765406361344 (pinned to CPUs: 0,1,2,3,) looping over subpath 0
Thread 139765406091008 (pinned to CPUs: 4,5,6,7,) looping over subpath 1
Thread 139765405820672 (pinned to CPUs: 4,5,6,7,) looping over subpath 1
Thread 139765405910784 (pinned to CPUs: 4,5,6,7,) looping over subpath 1
Thread 139765406000896 (pinned to CPUs: 4,5,6,7,) looping over subpath 1
Fibre 0x56062ae18a70 idx=1 on cluster 0 starting index 0
Fibre 0x56062ae18c30 idx=3 on cluster 0 starting index 0
Fibre 0x56062ae18ed0 idx=2 on cluster 1 starting index 30164
Fibre 0x56062ae18d10 idx=0 on cluster 1 starting index 30164
Fibre 0x56062ae18df0 idx=1 on cluster 1 starting index 30164
Fibre 0x56062ae18b50 idx=2 on cluster 0 starting index 0
Fibre 0x56062ae18fb0 idx=3 on cluster 1 starting index 30164
Fibre 0x56062ae174f0 idx=0 on cluster 0 starting index 0
dataset=49
duration=20
cacheline=64
buffer factor=1
loop factor=1
entries/elems=4426/12544
buffer util=0.353

Per-thread results
Subpath 0/Thread 0 access count=8454173417
Subpath 0/Thread 1 access count=8446443408
Subpath 0/Thread 2 access count=8455952669
Subpath 0/Thread 3 access count=8437104548
Subpath 1/Thread 0 access count=8420102069
Subpath 1/Thread 1 access count=8430531938
Subpath 1/Thread 2 access count=8420560160
Subpath 1/Thread 3 access count=8427296532

Per-subpath results
subpath 0 access count=18446744073143487290
subpath 1 access count=18446744073048303947

total access count=18446744072482239621

Perf
  dataset=49
  results=
LoadManager 0x56062AE01C10 9 1:9
Staging 0x56062AE01CD0 E: 1 U: 0 0/0 D: 0 C: 0 H: 0 S: 0 B: 0 T: 0 I: 0 W: 0
Processor 0x56062AE05190 E: 1 U: 0 0/0 D: 1 C: 0 H: 9 S: 0 B: 1 T: 0 I: 9 W: 9
LoadManager 0x56062AE086B8 18 1:4 2:4 3:4 4:6
Staging 0x56062AE08778 E: 1 U: 0 0/0 D: 0 C: 0 H: 0 S: 0 B: 0 T: 0 I: 0 W: 0
LoadManager 0x56062AE088F0 18 1:5 2:4 3:5 4:4
Staging 0x56062AE089B0 E: 1 U: 0 0/0 D: 0 C: 0 H: 0 S: 0 B: 0 T: 0 I: 0 W: 0
Processor 0x56062AE17380 E: 1 U: 0 0/0 D: 1 C: 0 H: 5 S: 0 B: 1 T: 0 I: 6 W: 5
Processor 0x56062AE176D0 E: 0 U: 0 0/0 D: 0 C: 0 H: 5 S: 0 B: 0 T: 0 I: 6 W: 5
Processor 0x56062AE17980 E: 0 U: 0 0/0 D: 0 C: 0 H: 2 S: 0 B: 0 T: 0 I: 3 W: 2
Processor 0x56062AE17C30 E: 0 U: 0 0/0 D: 0 C: 0 H: 2 S: 0 B: 0 T: 0 I: 3 W: 2
Processor 0x56062AE17EE0 E: 1 U: 0 0/0 D: 1 C: 0 H: 3 S: 0 B: 1 T: 0 I: 4 W: 3
Processor 0x56062AE18190 E: 0 U: 0 0/0 D: 0 C: 0 H: 5 S: 0 B: 0 T: 0 I: 6 W: 5
Processor 0x56062AE18440 E: 0 U: 0 0/0 D: 0 C: 0 H: 4 S: 0 B: 0 T: 0 I: 5 W: 4
Processor 0x56062AE186F0 E: 0 U: 0 0/0 D: 0 C: 0 H: 2 S: 0 B: 0 T: 0 I: 3 W: 2
Processor (total) 0x0 E: 6 U: 0 0/0 D: 3 C: 0 H: 37 S: 0 B: 3 T: 0 I: 45 W: 37
LoadManager (total) 0x0 45

 Performance counter stats for '../src/cachetest -T 4,4 -C 0-3.4-7 -F 4,4 -r 2 -d 20 49':

    67,578,201,477      L1-dcache-loads                                             
    22,088,868,157      L1-dcache-load-misses     #   32.69% of all L1-dcache hits  

      20.028034293 seconds time elapsed

     159.982522000 seconds user
       0.015997000 seconds sys


