Specified CPU Pins:
> Subpath:
>> Thread CPU Ids: 0 
>> Thread CPU Ids: 1 
>> Thread CPU Ids: 2 
>> Thread CPU Ids: 3 
> Subpath:
>> Thread CPU Ids: 4 
>> Thread CPU Ids: 5 
>> Thread CPU Ids: 6 
>> Thread CPU Ids: 7 
Subpath Fibre Counts (migrate=Y):
> 16 fibres
> 16 fibres
Uniform distribution used
Thread 140250961442560 (pinned to CPUs: 0,) looping over subpath 0
Thread 140250912417536 (pinned to CPUs: 1,) looping over subpath 0
Thread 140250912507648 (pinned to CPUs: 2,) looping over subpath 0
Thread 140250912597760 (pinned to CPUs: 3,) looping over subpath 0
Thread 140250912327424 (pinned to CPUs: 4,) looping over subpath 1
Thread 140250912057088 (pinned to CPUs: 5,) looping over subpath 1
Thread 140250912147200 (pinned to CPUs: 6,) looping over subpath 1
Thread 140250912237312 (pinned to CPUs: 7,) looping over subpath 1
Fibre 0x55affa8c8120 idx=0 on cluster 0 starting index 0
Fibre 0x55affa8c98e0 idx=3 on cluster 0 starting index 0
Fibre 0x55affa8c9aa0 idx=5 on cluster 0 starting index 0
Fibre 0x55affa8c9c60 idx=7 on cluster 0 starting index 0
Fibre 0x55affa8c99c0 idx=4 on cluster 0 starting index 0
Fibre 0x55affa8c9fe0 idx=11 on cluster 0 starting index 0
Fibre 0x55affa8ca280 idx=14 on cluster 0 starting index 0
Fibre 0x55affa8c9e20 idx=9 on cluster 0 starting index 0
Fibre 0x55affa8ca360 idx=15 on cluster 0 starting index 0
Fibre 0x55affa8c9800 idx=2 on cluster 0 starting index 0
Fibre 0x55affa8ca0c0 idx=12 on cluster 0 starting index 0
Fibre 0x55affa8ca7c0 idx=4 on cluster 1 starting index 30164
Fibre 0x55affa8ca520 idx=1 on cluster 1 starting index 30164
Fibre 0x55affa8caa60 idx=7 on cluster 1 starting index 30164
Fibre 0x55affa8c9d40 idx=8 on cluster 0 starting index 0
Fibre 0x55affa8cac20 idx=9 on cluster 1 starting index 30164
Fibre 0x55affa8cad00 idx=10 on cluster 1 starting index 30164
Fibre 0x55affa8cade0 idx=11 on cluster 1 starting index 30164
Fibre 0x55affa8caec0 idx=12 on cluster 1 starting index 30164
Fibre 0x55affa8cb080 idx=14 on cluster 1 starting index 30164
Fibre 0x55affa8ca980 idx=6 on cluster 1 starting index 30164
Fibre 0x55affa8ca600 idx=2 on cluster 1 starting index 30164
Fibre 0x55affa8cab40 idx=8 on cluster 1 starting index 30164
Fibre 0x55affa8c9f00 idx=10 on cluster 0 starting index 0
Fibre 0x55affa8ca6e0 idx=3 on cluster 1 starting index 30164
Fibre 0x55affa8ca440 idx=0 on cluster 1 starting index 30164
Fibre 0x55affa8ca8a0 idx=5 on cluster 1 starting index 30164
Fibre 0x55affa8c9b80 idx=6 on cluster 0 starting index 0
Fibre 0x55affa8cafa0 idx=13 on cluster 1 starting index 30164
Fibre 0x55affa8ca1a0 idx=13 on cluster 0 starting index 0
Fibre 0x55affa8cb160 idx=15 on cluster 1 starting index 30164
Fibre 0x55affa8c9720 idx=1 on cluster 0 starting index 0
dataset=49
duration=2
cacheline=64
buffer factor=1
loop factor=1
entries/elems=4426/12544
buffer util=0.353

Per-thread results
Subpath 0/Thread 0 access count=50918918
Subpath 0/Thread 1 access count=50925557
Subpath 0/Thread 2 access count=50921131
Subpath 0/Thread 3 access count=50916705
Subpath 0/Thread 4 access count=50918918
Subpath 0/Thread 5 access count=50927770
Subpath 0/Thread 6 access count=50914492
Subpath 0/Thread 7 access count=50914492
Subpath 0/Thread 8 access count=50910066
Subpath 0/Thread 9 access count=50918918
Subpath 0/Thread 10 access count=50916705
Subpath 0/Thread 11 access count=50905640
Subpath 0/Thread 12 access count=50914492
Subpath 0/Thread 13 access count=50927770
Subpath 0/Thread 14 access count=50918918
Subpath 0/Thread 15 access count=50910066
Subpath 1/Thread 0 access count=50927770
Subpath 1/Thread 1 access count=50916705
Subpath 1/Thread 2 access count=50921131
Subpath 1/Thread 3 access count=50894575
Subpath 1/Thread 4 access count=50912279
Subpath 1/Thread 5 access count=50921131
Subpath 1/Thread 6 access count=50916705
Subpath 1/Thread 7 access count=50910066
Subpath 1/Thread 8 access count=50916705
Subpath 1/Thread 9 access count=50921131
Subpath 1/Thread 10 access count=50916705
Subpath 1/Thread 11 access count=50903427
Subpath 1/Thread 12 access count=50916705
Subpath 1/Thread 13 access count=50912279
Subpath 1/Thread 14 access count=50923344
Subpath 1/Thread 15 access count=50903427

Per-subpath results
subpath 0 access count=814680558
subpath 1 access count=814634085

total access count=1629314643

Perf
  dataset=49
  results=
LoadManager 0x55AFFA8B2840 10 1:10
Staging 0x55AFFA8B2900 E: 1 U: 0 0/0 D: 0 C: 0 H: 0 S: 0 B: 0 T: 0 I: 0 W: 0
Processor 0x55AFFA8B5DC0 E: 1 U: 0 0/0 D: 1 C: 0 H: 10 S: 0 B: 1 T: 0 I: 10 W: 10
LoadManager 0x55AFFA8B9298 21326 1:9800 2:57 3:11 4:3
Staging 0x55AFFA8B9358 E: 358285 U: 0 0/0 D: 0 C: 0 H: 0 S: 0 B: 0 T: 0 I: 0 W: 0
LoadManager 0x55AFFA8B94D0 4708 1:7 2:10 3:13 4:6
Staging 0x55AFFA8B9590 E: 368129 U: 0 0/0 D: 0 C: 0 H: 0 S: 0 B: 0 T: 0 I: 0 W: 0
Processor 0x55AFFA8C7FB0 E: 4 U: 0 0/0 D: 4 C: 0 H: 2602 S: 89408 B: 1 T: 4 I: 2334 W: 2333
Processor 0x55AFFA8C8300 E: 6 U: 0 0/0 D: 4 C: 0 H: 2364 S: 89708 B: 0 T: 1 I: 2105 W: 2104
Processor 0x55AFFA8C85B0 E: 5 U: 0 0/0 D: 3 C: 0 H: 2379 S: 89658 B: 0 T: 1 I: 2116 W: 2115
Processor 0x55AFFA8C8860 E: 5 U: 0 0/0 D: 3 C: 0 H: 2522 S: 89510 B: 0 T: 0 I: 2247 W: 2246
Processor 0x55AFFA8C8B10 E: 4 U: 0 0/0 D: 4 C: 0 H: 14 S: 92012 B: 1 T: 0 I: 15 W: 14
Processor 0x55AFFA8C8DC0 E: 4 U: 0 0/0 D: 4 C: 0 H: 7 S: 92051 B: 0 T: 1 I: 8 W: 7
Processor 0x55AFFA8C9070 E: 3 U: 0 0/0 D: 3 C: 0 H: 8 S: 92048 B: 0 T: 0 I: 9 W: 8
Processor 0x55AFFA8C9320 E: 4 U: 0 0/0 D: 3 C: 0 H: 3 S: 92017 B: 0 T: 0 I: 4 W: 3
Processor (total) 0x0 E: 726451 U: 0 0/0 D: 29 C: 0 H: 9909 S: 726412 B: 3 T: 7 I: 8848 W: 8840
LoadManager (total) 0x0 26044

 Performance counter stats for '../src/cachetest -T 4,4 -F 16,16 -M -C 0-3.4-7 -I -r 2 -d 2 49':

     1,830,641,647      L1-dcache-loads                                             
       635,574,871      L1-dcache-load-misses     #   34.72% of all L1-dcache hits  

       2.037769672 seconds time elapsed

      15.977308000 seconds user
       0.048052000 seconds sys


