Uniform distribution used
Fibre 0x55dd4bc39a50 idx=0 on cluster 0 starting index 0
Fibre 0x55dd4bc3b4f0 idx=6 on cluster 0 starting index 0
Fibre 0x55dd4bc3b6b0 idx=8 on cluster 0 starting index 0
Fibre 0x55dd4bc3b870 idx=10 on cluster 0 starting index 0
Fibre 0x55dd4bc3bb10 idx=13 on cluster 0 starting index 0
Fibre 0x55dd4bc3b5d0 idx=7 on cluster 0 starting index 0
Fibre 0x55dd4bc3bcd0 idx=15 on cluster 0 starting index 0
Fibre 0x55dd4bc3c130 idx=4 on cluster 1 starting index 30164
Fibre 0x55dd4bc3c210 idx=5 on cluster 1 starting index 30164
Fibre 0x55dd4bc3b790 idx=9 on cluster 0 starting index 0
Fibre 0x55dd4bc3c3d0 idx=7 on cluster 1 starting index 30164
Fibre 0x55dd4bc3ba30 idx=12 on cluster 0 starting index 0
Fibre 0x55dd4bc3c750 idx=11 on cluster 1 starting index 30164
Fibre 0x55dd4bc3c910 idx=13 on cluster 1 starting index 30164
Fibre 0x55dd4bc3bbf0 idx=14 on cluster 0 starting index 0
Fibre 0x55dd4bc3b410 idx=5 on cluster 0 starting index 0
Fibre 0x55dd4bc3cad0 idx=15 on cluster 1 starting index 30164
Fibre 0x55dd4bc3bf70 idx=2 on cluster 1 starting index 30164
Fibre 0x55dd4bc3b170 idx=2 on cluster 0 starting index 0
Fibre 0x55dd4bc3c050 idx=3 on cluster 1 starting index 30164
Fibre 0x55dd4bc3c2f0 idx=6 on cluster 1 starting index 30164
Fibre 0x55dd4bc3b950 idx=11 on cluster 0 starting index 0
Fibre 0x55dd4bc3b250 idx=3 on cluster 0 starting index 0
Fibre 0x55dd4bc3c590 idx=9 on cluster 1 starting index 30164
Fibre 0x55dd4bc3c670 idx=10 on cluster 1 starting index 30164
Fibre 0x55dd4bc3b330 idx=4 on cluster 0 starting index 0
Fibre 0x55dd4bc3c830 idx=12 on cluster 1 starting index 30164
Fibre 0x55dd4bc3c9f0 idx=14 on cluster 1 starting index 30164
Fibre 0x55dd4bc3b090 idx=1 on cluster 0 starting index 0
Fibre 0x55dd4bc3c4b0 idx=8 on cluster 1 starting index 30164
Fibre 0x55dd4bc3be90 idx=1 on cluster 1 starting index 30164
Fibre 0x55dd4bc3bdb0 idx=0 on cluster 1 starting index 30164
dataset=49
duration=10
cacheline=64
buffer factor=1
loop factor=1
entries/elems=4426/12544
buffer util=0.353

Per-thread results
Subpath 0/Thread 0 access count=256927088
Subpath 0/Thread 1 access count=256953644
Subpath 0/Thread 2 access count=256902745
Subpath 0/Thread 3 access count=256900532
Subpath 0/Thread 4 access count=256900532
Subpath 0/Thread 5 access count=256935940
Subpath 0/Thread 6 access count=256865124
Subpath 0/Thread 7 access count=256913810
Subpath 0/Thread 8 access count=256916023
Subpath 0/Thread 9 access count=256924875
Subpath 0/Thread 10 access count=256887254
Subpath 0/Thread 11 access count=256931514
Subpath 0/Thread 12 access count=256918236
Subpath 0/Thread 13 access count=256927088
Subpath 0/Thread 14 access count=256882828
Subpath 0/Thread 15 access count=256922662
Subpath 1/Thread 0 access count=256889467
Subpath 1/Thread 1 access count=256907171
Subpath 1/Thread 2 access count=256898319
Subpath 1/Thread 3 access count=256911597
Subpath 1/Thread 4 access count=256909384
Subpath 1/Thread 5 access count=256898319
Subpath 1/Thread 6 access count=256907171
Subpath 1/Thread 7 access count=256907171
Subpath 1/Thread 8 access count=256911597
Subpath 1/Thread 9 access count=256907171
Subpath 1/Thread 10 access count=256918236
Subpath 1/Thread 11 access count=256916023
Subpath 1/Thread 12 access count=256891680
Subpath 1/Thread 13 access count=256898319
Subpath 1/Thread 14 access count=256902745
Subpath 1/Thread 15 access count=256896106

Per-subpath results
subpath 0 access count=18446744073525194215
subpath 1 access count=18446744073525054796

total access count=18446744073340697395

Perf
  dataset=49
  results=
LoadManager 0x55DD4BC24160 13 1:13
Staging 0x55DD4BC24220 E: 1 U: 0 0/0 D: 0 C: 0 H: 0 S: 0 B: 0 T: 0 I: 0 W: 0
Processor 0x55DD4BC276E0 E: 1 U: 0 0/0 D: 1 C: 0 H: 13 S: 0 B: 1 T: 0 I: 13 W: 13
LoadManager 0x55DD4BC2AC08 119988 1:36299 2:2341 3:56 4:8
Staging 0x55DD4BC2ACC8 E: 1818784 U: 0 0/0 D: 0 C: 0 H: 0 S: 0 B: 0 T: 0 I: 0 W: 0
LoadManager 0x55DD4BC2AE40 23054 1:7 2:13 3:12 4:7
Staging 0x55DD4BC2AF00 E: 1857457 U: 0 0/0 D: 0 C: 0 H: 0 S: 0 B: 0 T: 0 I: 0 W: 0
Processor 0x55DD4BC398E0 E: 6 U: 0 0/0 D: 6 C: 0 H: 11249 S: 453336 B: 1 T: 1 I: 10128 W: 10127
Processor 0x55DD4BC39C30 E: 3 U: 0 0/0 D: 2 C: 0 H: 9757 S: 454605 B: 0 T: 0 I: 8853 W: 8852
Processor 0x55DD4BC39EE0 E: 6 U: 0 0/0 D: 4 C: 0 H: 5718 S: 457938 B: 0 T: 0 I: 4847 W: 4846
Processor 0x55DD4BC3A190 E: 4 U: 0 0/0 D: 4 C: 0 H: 11976 S: 452904 B: 0 T: 2 I: 10740 W: 10739
Processor 0x55DD4BC3A440 E: 3 U: 0 0/0 D: 3 C: 0 H: 16 S: 466428 B: 1 T: 0 I: 17 W: 16
Processor 0x55DD4BC3A6F0 E: 4 U: 0 0/0 D: 4 C: 0 H: 3 S: 464058 B: 0 T: 0 I: 4 W: 3
Processor 0x55DD4BC3A9A0 E: 3 U: 0 0/0 D: 3 C: 0 H: 3 S: 463591 B: 0 T: 0 I: 4 W: 3
Processor 0x55DD4BC3AC50 E: 3 U: 0 0/0 D: 3 C: 0 H: 13 S: 463379 B: 0 T: 0 I: 14 W: 13
Processor (total) 0x0 E: 3676275 U: 0 0/0 D: 30 C: 0 H: 38748 S: 3676239 B: 3 T: 3 I: 34620 W: 34612
LoadManager (total) 0x0 143055

 Performance counter stats for '../src/cachetest -T 4,4 -F 16,16 -M -r 2 -d 10 49':

     9,022,815,189      L1-dcache-loads                                             
     3,199,998,530      L1-dcache-load-misses     #   35.47% of all L1-dcache hits  

      10.027505925 seconds time elapsed

      79.754426000 seconds user
       0.176014000 seconds sys


