Specified CPU Pins:
> Subpath:
>> Thread CPU Ids: 0 
>> Thread CPU Ids: 1 
>> Thread CPU Ids: 2 
>> Thread CPU Ids: 3 
> Subpath:
>> Thread CPU Ids: 4 
>> Thread CPU Ids: 5 
>> Thread CPU Ids: 6 
>> Thread CPU Ids: 7 
Subpath Fibre Counts (migrate=Y):
> 16 fibres
> 16 fibres
Uniform distribution used
Thread 140376637646592 (pinned to CPUs: 0,) looping over subpath 0
Thread 140376588621568 (pinned to CPUs: 1,) looping over subpath 0
Thread 140376588711680 (pinned to CPUs: 2,) looping over subpath 0
Thread 140376588801792 (pinned to CPUs: 3,) looping over subpath 0
Thread 140376588531456 (pinned to CPUs: 4,) looping over subpath 1
Thread 140376588261120 (pinned to CPUs: 5,) looping over subpath 1
Thread 140376588351232 (pinned to CPUs: 6,) looping over subpath 1
Thread 140376588441344 (pinned to CPUs: 7,) looping over subpath 1
Fibre 0x55f06d594120 idx=0 on cluster 0 starting index 0
Fibre 0x55f06d595720 idx=1 on cluster 0 starting index 0
Fibre 0x55f06d5959c0 idx=4 on cluster 0 starting index 0
Fibre 0x55f06d595c60 idx=7 on cluster 0 starting index 0
Fibre 0x55f06d595e20 idx=9 on cluster 0 starting index 0
Fibre 0x55f06d595fe0 idx=11 on cluster 0 starting index 0
Fibre 0x55f06d5960c0 idx=12 on cluster 0 starting index 0
Fibre 0x55f06d5961a0 idx=13 on cluster 0 starting index 0
Fibre 0x55f06d595aa0 idx=5 on cluster 0 starting index 0
Fibre 0x55f06d595b80 idx=6 on cluster 0 starting index 0
Fibre 0x55f06d596520 idx=1 on cluster 1 starting index 30164
Fibre 0x55f06d595800 idx=2 on cluster 0 starting index 0
Fibre 0x55f06d596a60 idx=7 on cluster 1 starting index 30164
Fibre 0x55f06d596280 idx=14 on cluster 0 starting index 0
Fibre 0x55f06d596de0 idx=11 on cluster 1 starting index 30164
Fibre 0x55f06d596ec0 idx=12 on cluster 1 starting index 30164
Fibre 0x55f06d596440 idx=0 on cluster 1 starting index 30164
Fibre 0x55f06d596600 idx=2 on cluster 1 starting index 30164
Fibre 0x55f06d595f00 idx=10 on cluster 0 starting index 0
Fibre 0x55f06d5967c0 idx=4 on cluster 1 starting index 30164
Fibre 0x55f06d5968a0 idx=5 on cluster 1 starting index 30164
Fibre 0x55f06d596980 idx=6 on cluster 1 starting index 30164
Fibre 0x55f06d5958e0 idx=3 on cluster 0 starting index 0
Fibre 0x55f06d596b40 idx=8 on cluster 1 starting index 30164
Fibre 0x55f06d596d00 idx=10 on cluster 1 starting index 30164
Fibre 0x55f06d595d40 idx=8 on cluster 0 starting index 0
Fibre 0x55f06d596360 idx=15 on cluster 0 starting index 0
Fibre 0x55f06d596c20 idx=9 on cluster 1 starting index 30164
Fibre 0x55f06d596fa0 idx=13 on cluster 1 starting index 30164
Fibre 0x55f06d597080 idx=14 on cluster 1 starting index 30164
Fibre 0x55f06d597160 idx=15 on cluster 1 starting index 30164
Fibre 0x55f06d5966e0 idx=3 on cluster 1 starting index 30164
dataset=49
duration=1
cacheline=64
buffer factor=1
loop factor=1
entries/elems=4426/12544
buffer util=0.353

Per-thread results
Subpath 0/Thread 0 access count=25478270
Subpath 0/Thread 1 access count=25480483
Subpath 0/Thread 2 access count=25469418
Subpath 0/Thread 3 access count=25482696
Subpath 0/Thread 4 access count=25482696
Subpath 0/Thread 5 access count=25478270
Subpath 0/Thread 6 access count=25482696
Subpath 0/Thread 7 access count=25478270
Subpath 0/Thread 8 access count=25473844
Subpath 0/Thread 9 access count=25478270
Subpath 0/Thread 10 access count=25478270
Subpath 0/Thread 11 access count=25469418
Subpath 0/Thread 12 access count=25482696
Subpath 0/Thread 13 access count=25478270
Subpath 0/Thread 14 access count=25476057
Subpath 0/Thread 15 access count=25478270
Subpath 1/Thread 0 access count=25480483
Subpath 1/Thread 1 access count=25480483
Subpath 1/Thread 2 access count=25476057
Subpath 1/Thread 3 access count=25471631
Subpath 1/Thread 4 access count=25471631
Subpath 1/Thread 5 access count=25482696
Subpath 1/Thread 6 access count=25471631
Subpath 1/Thread 7 access count=25480483
Subpath 1/Thread 8 access count=25480483
Subpath 1/Thread 9 access count=25480483
Subpath 1/Thread 10 access count=25478270
Subpath 1/Thread 11 access count=25476057
Subpath 1/Thread 12 access count=25476057
Subpath 1/Thread 13 access count=25476057
Subpath 1/Thread 14 access count=25471631
Subpath 1/Thread 15 access count=25476057

Per-subpath results
subpath 0 access count=407647894
subpath 1 access count=407630190

total access count=815278084

Perf
  dataset=49
  results=
LoadManager 0x55F06D57E840 11 1:11
Staging 0x55F06D57E900 E: 1 U: 0 0/0 D: 0 C: 0 H: 0 S: 0 B: 0 T: 0 I: 0 W: 0
Processor 0x55F06D581DC0 E: 1 U: 0 0/0 D: 1 C: 0 H: 11 S: 0 B: 1 T: 0 I: 11 W: 11
LoadManager 0x55F06D585298 8696 1:3502 2:29 3:12 4:10
Staging 0x55F06D585358 E: 180685 U: 0 0/0 D: 0 C: 0 H: 0 S: 0 B: 0 T: 0 I: 0 W: 0
LoadManager 0x55F06D5854D0 2268 1:8 2:16 3:9 4:3
Staging 0x55F06D585590 E: 184209 U: 0 0/0 D: 0 C: 0 H: 0 S: 0 B: 0 T: 0 I: 0 W: 0
Processor 0x55F06D593FB0 E: 4 U: 0 0/0 D: 4 C: 0 H: 931 S: 45109 B: 1 T: 2 I: 825 W: 824
Processor 0x55F06D594300 E: 4 U: 0 0/0 D: 4 C: 0 H: 833 S: 45243 B: 0 T: 1 I: 752 W: 751
Processor 0x55F06D5945B0 E: 5 U: 0 0/0 D: 3 C: 0 H: 773 S: 45302 B: 0 T: 0 I: 675 W: 674
Processor 0x55F06D594860 E: 5 U: 0 0/0 D: 3 C: 0 H: 1012 S: 45030 B: 0 T: 1 I: 908 W: 907
Processor 0x55F06D594B10 E: 3 U: 0 0/0 D: 3 C: 0 H: 11 S: 46044 B: 1 T: 1 I: 12 W: 11
Processor 0x55F06D594DC0 E: 5 U: 0 0/0 D: 4 C: 0 H: 8 S: 46063 B: 0 T: 0 I: 9 W: 8
Processor 0x55F06D595070 E: 3 U: 0 0/0 D: 3 C: 0 H: 2 S: 46060 B: 0 T: 0 I: 3 W: 2
Processor 0x55F06D595320 E: 4 U: 0 0/0 D: 3 C: 0 H: 11 S: 46041 B: 0 T: 1 I: 12 W: 11
Processor (total) 0x0 E: 364929 U: 0 0/0 D: 28 C: 0 H: 3592 S: 364892 B: 3 T: 6 I: 3207 W: 3199
LoadManager (total) 0x0 10975

 Performance counter stats for '../src/cachetest -T 4,4 -F 16,16 -M -C 0-3.4-7 -I -r 2 -d 1 49':

       941,342,398      L1-dcache-loads                                             
       317,761,990      L1-dcache-load-misses     #   33.76% of all L1-dcache hits  

       1.037197069 seconds time elapsed

       7.994090000 seconds user
       0.040030000 seconds sys


