Uniform distribution used
Fibre 0x5556f6e5aa50 idx=0 on cluster 0 starting index 0
Fibre 0x5556f6e5c250 idx=3 on cluster 0 starting index 0
Fibre 0x5556f6e5c790 idx=9 on cluster 0 starting index 0
Fibre 0x5556f6e5c950 idx=11 on cluster 0 starting index 0
Fibre 0x5556f6e5c4f0 idx=6 on cluster 0 starting index 0
Fibre 0x5556f6e5cbf0 idx=14 on cluster 0 starting index 0
Fibre 0x5556f6e5c5d0 idx=7 on cluster 0 starting index 0
Fibre 0x5556f6e5d130 idx=4 on cluster 1 starting index 30164
Fibre 0x5556f6e5c090 idx=1 on cluster 0 starting index 0
Fibre 0x5556f6e5d4b0 idx=8 on cluster 1 starting index 30164
Fibre 0x5556f6e5d590 idx=9 on cluster 1 starting index 30164
Fibre 0x5556f6e5d910 idx=13 on cluster 1 starting index 30164
Fibre 0x5556f6e5dad0 idx=15 on cluster 1 starting index 30164
Fibre 0x5556f6e5ca30 idx=12 on cluster 0 starting index 0
Fibre 0x5556f6e5c170 idx=2 on cluster 0 starting index 0
Fibre 0x5556f6e5ccd0 idx=15 on cluster 0 starting index 0
Fibre 0x5556f6e5ce90 idx=1 on cluster 1 starting index 30164
Fibre 0x5556f6e5cdb0 idx=0 on cluster 1 starting index 30164
Fibre 0x5556f6e5d050 idx=3 on cluster 1 starting index 30164
Fibre 0x5556f6e5cf70 idx=2 on cluster 1 starting index 30164
Fibre 0x5556f6e5d210 idx=5 on cluster 1 starting index 30164
Fibre 0x5556f6e5c6b0 idx=8 on cluster 0 starting index 0
Fibre 0x5556f6e5d2f0 idx=6 on cluster 1 starting index 30164
Fibre 0x5556f6e5d3d0 idx=7 on cluster 1 starting index 30164
Fibre 0x5556f6e5d830 idx=12 on cluster 1 starting index 30164
Fibre 0x5556f6e5d9f0 idx=14 on cluster 1 starting index 30164
Fibre 0x5556f6e5c330 idx=4 on cluster 0 starting index 0
Fibre 0x5556f6e5d670 idx=10 on cluster 1 starting index 30164
Fibre 0x5556f6e5c870 idx=10 on cluster 0 starting index 0
Fibre 0x5556f6e5d750 idx=11 on cluster 1 starting index 30164
Fibre 0x5556f6e5c410 idx=5 on cluster 0 starting index 0
Fibre 0x5556f6e5cb10 idx=13 on cluster 0 starting index 0
dataset=49
duration=2
cacheline=64
buffer factor=1
loop factor=1
entries/elems=4426/12544
buffer util=0.353

Per-thread results
Subpath 0/Thread 0 access count=49498172
Subpath 0/Thread 1 access count=49504811
Subpath 0/Thread 2 access count=49489320
Subpath 0/Thread 3 access count=49493746
Subpath 0/Thread 4 access count=49484894
Subpath 0/Thread 5 access count=49502598
Subpath 0/Thread 6 access count=49489320
Subpath 0/Thread 7 access count=49489320
Subpath 0/Thread 8 access count=49507024
Subpath 0/Thread 9 access count=49502598
Subpath 0/Thread 10 access count=49484894
Subpath 0/Thread 11 access count=49498172
Subpath 0/Thread 12 access count=49484894
Subpath 0/Thread 13 access count=49507024
Subpath 0/Thread 14 access count=49482681
Subpath 0/Thread 15 access count=49476042
Subpath 1/Thread 0 access count=49487107
Subpath 1/Thread 1 access count=49507024
Subpath 1/Thread 2 access count=49480468
Subpath 1/Thread 3 access count=49484894
Subpath 1/Thread 4 access count=49495959
Subpath 1/Thread 5 access count=49491533
Subpath 1/Thread 6 access count=49469403
Subpath 1/Thread 7 access count=49473829
Subpath 1/Thread 8 access count=49487107
Subpath 1/Thread 9 access count=49500385
Subpath 1/Thread 10 access count=49473829
Subpath 1/Thread 11 access count=49491533
Subpath 1/Thread 12 access count=49491533
Subpath 1/Thread 13 access count=49491533
Subpath 1/Thread 14 access count=49478255
Subpath 1/Thread 15 access count=49491533

Per-subpath results
subpath 0 access count=791895510
subpath 1 access count=791795925

total access count=1583691435

Perf
  dataset=49
  results=
LoadManager 0x5556F6E45160 9 1:9
Staging 0x5556F6E45220 E: 1 U: 0 0/0 D: 0 C: 0 H: 0 S: 0 B: 0 T: 0 I: 0 W: 0
Processor 0x5556F6E486E0 E: 1 U: 0 0/0 D: 1 C: 0 H: 9 S: 0 B: 1 T: 0 I: 9 W: 9
LoadManager 0x5556F6E4BC08 17144 1:5444 2:168 3:16 4:8
Staging 0x5556F6E4BCC8 E: 352216 U: 0 0/0 D: 0 C: 0 H: 0 S: 0 B: 0 T: 0 I: 0 W: 0
LoadManager 0x5556F6E4BE40 19044 1:5998 2:185 3:20 4:9
Staging 0x5556F6E4BF00 E: 351646 U: 0 0/0 D: 0 C: 0 H: 0 S: 0 B: 0 T: 0 I: 0 W: 0
Processor 0x5556F6E5A8E0 E: 5 U: 0 0/0 D: 4 C: 0 H: 872 S: 89194 B: 1 T: 0 I: 755 W: 754
Processor 0x5556F6E5AC30 E: 5 U: 0 0/0 D: 4 C: 0 H: 947 S: 87228 B: 0 T: 0 I: 805 W: 804
Processor 0x5556F6E5AEE0 E: 4 U: 0 0/0 D: 3 C: 0 H: 2745 S: 88613 B: 0 T: 1 I: 2684 W: 2683
Processor 0x5556F6E5B190 E: 5 U: 0 0/0 D: 4 C: 0 H: 1068 S: 87180 B: 0 T: 3 I: 908 W: 907
Processor 0x5556F6E5B440 E: 5 U: 0 0/0 D: 5 C: 0 H: 1105 S: 87047 B: 1 T: 0 I: 801 W: 800
Processor 0x5556F6E5B6F0 E: 5 U: 0 0/0 D: 4 C: 0 H: 1096 S: 87062 B: 0 T: 0 I: 829 W: 828
Processor 0x5556F6E5B9A0 E: 2 U: 0 0/0 D: 2 C: 0 H: 1993 S: 89134 B: 0 T: 1 I: 1689 W: 1688
Processor 0x5556F6E5BC50 E: 3 U: 0 0/0 D: 2 C: 0 H: 2014 S: 88402 B: 0 T: 1 I: 1697 W: 1696
Processor (total) 0x0 E: 703898 U: 0 0/0 D: 29 C: 0 H: 11849 S: 703860 B: 3 T: 6 I: 10177 W: 10169
LoadManager (total) 0x0 36197

 Performance counter stats for '../src/cachetest -T 4,4 -F 16,16 -M -r 2 -d 2 49':

     1,755,208,138      L1-dcache-loads                                             
       620,239,993      L1-dcache-load-misses     #   35.34% of all L1-dcache hits  

       2.037068282 seconds time elapsed

      15.941061000 seconds user
       0.064036000 seconds sys


