Specified CPU Pins:
> Subpath:
>> Thread CPU Ids: 0 
>> Thread CPU Ids: 1 
>> Thread CPU Ids: 2 
>> Thread CPU Ids: 3 
> Subpath:
>> Thread CPU Ids: 4 
>> Thread CPU Ids: 5 
>> Thread CPU Ids: 6 
>> Thread CPU Ids: 7 
Subpath Fibre Counts (migrate=Y):
> 16 fibres
> 16 fibres
Uniform distribution used
Thread 140568217028352 (pinned to CPUs: 0,) looping over subpath 0
Thread 140568168003328 (pinned to CPUs: 1,) looping over subpath 0
Thread 140568168093440 (pinned to CPUs: 2,) looping over subpath 0
Thread 140568168183552 (pinned to CPUs: 3,) looping over subpath 0
Thread 140568167913216 (pinned to CPUs: 4,) looping over subpath 1
Thread 140568167642880 (pinned to CPUs: 5,) looping over subpath 1
Thread 140568167732992 (pinned to CPUs: 6,) looping over subpath 1
Thread 140568167823104 (pinned to CPUs: 7,) looping over subpath 1
Fibre 0x563bd2d58800 idx=2 on cluster 0 starting index 0
Fibre 0x563bd2d58720 idx=1 on cluster 0 starting index 0
Fibre 0x563bd2d588e0 idx=3 on cluster 0 starting index 0
Fibre 0x563bd2d58f00 idx=10 on cluster 0 starting index 0
Fibre 0x563bd2d590c0 idx=12 on cluster 0 starting index 0
Fibre 0x563bd2d58b80 idx=6 on cluster 0 starting index 0
Fibre 0x563bd2d57120 idx=0 on cluster 0 starting index 0
Fibre 0x563bd2d59360 idx=15 on cluster 0 starting index 0
Fibre 0x563bd2d59440 idx=0 on cluster 1 starting index 30164
Fibre 0x563bd2d58e20 idx=9 on cluster 0 starting index 0
Fibre 0x563bd2d596e0 idx=3 on cluster 1 starting index 30164
Fibre 0x563bd2d58fe0 idx=11 on cluster 0 starting index 0
Fibre 0x563bd2d598a0 idx=5 on cluster 1 starting index 30164
Fibre 0x563bd2d58c60 idx=7 on cluster 0 starting index 0
Fibre 0x563bd2d59d00 idx=10 on cluster 1 starting index 30164
Fibre 0x563bd2d59a60 idx=7 on cluster 1 starting index 30164
Fibre 0x563bd2d59fa0 idx=13 on cluster 1 starting index 30164
Fibre 0x563bd2d5a080 idx=14 on cluster 1 starting index 30164
Fibre 0x563bd2d59520 idx=1 on cluster 1 starting index 30164
Fibre 0x563bd2d597c0 idx=4 on cluster 1 starting index 30164
Fibre 0x563bd2d589c0 idx=4 on cluster 0 starting index 0
Fibre 0x563bd2d59980 idx=6 on cluster 1 starting index 30164
Fibre 0x563bd2d59b40 idx=8 on cluster 1 starting index 30164
Fibre 0x563bd2d59c20 idx=9 on cluster 1 starting index 30164
Fibre 0x563bd2d59de0 idx=11 on cluster 1 starting index 30164
Fibre 0x563bd2d59ec0 idx=12 on cluster 1 starting index 30164
Fibre 0x563bd2d58d40 idx=8 on cluster 0 starting index 0
Fibre 0x563bd2d59280 idx=14 on cluster 0 starting index 0
Fibre 0x563bd2d5a160 idx=15 on cluster 1 starting index 30164
Fibre 0x563bd2d58aa0 idx=5 on cluster 0 starting index 0
Fibre 0x563bd2d591a0 idx=13 on cluster 0 starting index 0
Fibre 0x563bd2d59600 idx=2 on cluster 1 starting index 30164
dataset=49
duration=20
cacheline=64
buffer factor=1
loop factor=1
entries/elems=4426/12544
buffer util=0.353

Per-thread results
Subpath 0/Thread 0 access count=507876862
Subpath 0/Thread 1 access count=507870223
Subpath 0/Thread 2 access count=507874649
Subpath 0/Thread 3 access count=507797194
Subpath 0/Thread 4 access count=507879075
Subpath 0/Thread 5 access count=507843667
Subpath 0/Thread 6 access count=507870223
Subpath 0/Thread 7 access count=507772851
Subpath 0/Thread 8 access count=507865797
Subpath 0/Thread 9 access count=507843667
Subpath 0/Thread 10 access count=507828176
Subpath 0/Thread 11 access count=507775064
Subpath 0/Thread 12 access count=507892353
Subpath 0/Thread 13 access count=507870223
Subpath 0/Thread 14 access count=507839241
Subpath 0/Thread 15 access count=507799407
Subpath 1/Thread 0 access count=507865797
Subpath 1/Thread 1 access count=507845880
Subpath 1/Thread 2 access count=507845880
Subpath 1/Thread 3 access count=507699822
Subpath 1/Thread 4 access count=507859158
Subpath 1/Thread 5 access count=507876862
Subpath 1/Thread 6 access count=507854732
Subpath 1/Thread 7 access count=507819324
Subpath 1/Thread 8 access count=507841454
Subpath 1/Thread 9 access count=507876862
Subpath 1/Thread 10 access count=507859158
Subpath 1/Thread 11 access count=507823750
Subpath 1/Thread 12 access count=507894566
Subpath 1/Thread 13 access count=507823750
Subpath 1/Thread 14 access count=507876862
Subpath 1/Thread 15 access count=507779490

Per-subpath results
subpath 0 access count=18446744073245115696
subpath 1 access count=18446744073245060371

total access count=18446744072780624451

Perf
  dataset=49
  results=
LoadManager 0x563BD2D41840 12 1:12
Staging 0x563BD2D41900 E: 1 U: 0 0/0 D: 0 C: 0 H: 0 S: 0 B: 0 T: 0 I: 0 W: 0
Processor 0x563BD2D44DC0 E: 1 U: 0 0/0 D: 1 C: 0 H: 12 S: 0 B: 1 T: 0 I: 12 W: 12
LoadManager 0x563BD2D48298 174496 1:68715 2:271 3:23 4:9
Staging 0x563BD2D48358 E: 3602734 U: 0 0/0 D: 0 C: 0 H: 0 S: 0 B: 0 T: 0 I: 0 W: 0
LoadManager 0x563BD2D484D0 62174 1:8487 2:64 3:8 4:3
Staging 0x563BD2D48590 E: 3663167 U: 0 0/0 D: 0 C: 0 H: 0 S: 0 B: 0 T: 0 I: 0 W: 0
Processor 0x563BD2D56FB0 E: 5 U: 0 0/0 D: 4 C: 0 H: 17289 S: 899953 B: 1 T: 1 I: 15524 W: 15523
Processor 0x563BD2D57300 E: 3 U: 0 0/0 D: 2 C: 0 H: 17080 S: 901148 B: 0 T: 0 I: 15513 W: 15512
Processor 0x563BD2D575B0 E: 3 U: 0 0/0 D: 3 C: 0 H: 17346 S: 900795 B: 0 T: 2 I: 15375 W: 15374
Processor 0x563BD2D57860 E: 5 U: 0 0/0 D: 4 C: 0 H: 17299 S: 900837 B: 0 T: 0 I: 15623 W: 15622
Processor 0x563BD2D57B10 E: 5 U: 0 0/0 D: 5 C: 0 H: 2175 S: 915556 B: 1 T: 0 I: 1967 W: 1966
Processor 0x563BD2D57DC0 E: 3 U: 0 0/0 D: 3 C: 0 H: 2091 S: 915924 B: 0 T: 0 I: 1886 W: 1885
Processor 0x563BD2D58070 E: 3 U: 0 0/0 D: 3 C: 0 H: 2235 S: 915947 B: 0 T: 0 I: 2028 W: 2027
Processor 0x563BD2D58320 E: 3 U: 0 0/0 D: 3 C: 0 H: 2057 S: 915739 B: 0 T: 0 I: 1861 W: 1860
Processor (total) 0x0 E: 7265933 U: 0 0/0 D: 28 C: 0 H: 77584 S: 7265899 B: 3 T: 3 I: 69789 W: 69781
LoadManager (total) 0x0 236682

 Performance counter stats for '../src/cachetest -T 4,4 -F 16,16 -M -C 0-3.4-7 -I -r 2 -d 20 49':

    17,831,805,347      L1-dcache-loads                                             
     6,327,337,838      L1-dcache-load-misses     #   35.48% of all L1-dcache hits  

      20.037773763 seconds time elapsed

     159.675829000 seconds user
       0.239981000 seconds sys


