Specified CPU Pins:
> Subpath:
>> Thread CPU Ids: 3 2 1 0 
>> Thread CPU Ids: 3 2 1 0 
>> Thread CPU Ids: 3 2 1 0 
>> Thread CPU Ids: 3 2 1 0 
> Subpath:
>> Thread CPU Ids: 7 6 5 4 
>> Thread CPU Ids: 7 6 5 4 
>> Thread CPU Ids: 7 6 5 4 
>> Thread CPU Ids: 7 6 5 4 
Uniform distribution used
Thread idx=0 on subpath 0 starting index 0
Thread idx=1 on subpath 0 starting index 0
Thread idx=0 on subpath 1 starting index 30164
Thread idx=2 on subpath 0 starting index 0
Thread idx=1 on subpath 1 starting index 30164
Thread idx=2 on subpath 1 starting index 30164
Thread idx=3 on subpath 0 starting index 0
Thread idx=3 on subpath 1 starting index 30164
Thread 140270389221120 (pinned to CPUs: 0,1,2,3,) looping over subpath 0
Thread 140270380828416 (pinned to CPUs: 0,1,2,3,) looping over subpath 0
Thread 140270372435712 (pinned to CPUs: 0,1,2,3,) looping over subpath 0
Thread 140270364043008 (pinned to CPUs: 0,1,2,3,) looping over subpath 0
Thread 140270355650304 (pinned to CPUs: 4,5,6,7,) looping over subpath 1
Thread 140270347257600 (pinned to CPUs: 4,5,6,7,) looping over subpath 1
Thread 140270338864896 (pinned to CPUs: 4,5,6,7,) looping over subpath 1
Thread 140270330472192 (pinned to CPUs: 4,5,6,7,) looping over subpath 1
dataset=49
duration=1
cacheline=64
buffer factor=1
loop factor=1
entries/elems=4426/12544
buffer util=0.353

Per-thread results
Subpath 0/Thread 0 access count=402250372
Subpath 0/Thread 1 access count=402476098
Subpath 0/Thread 2 access count=402385365
Subpath 0/Thread 3 access count=402157426
Subpath 1/Thread 0 access count=400668077
Subpath 1/Thread 1 access count=400796431
Subpath 1/Thread 2 access count=399039309
Subpath 1/Thread 3 access count=400696846

Per-subpath results
subpath 0 access count=1609269261
subpath 1 access count=1601200663

total access count=3210469924

Perf
  dataset=49
  results=

 Performance counter stats for '../src/cachetest -T 4,4 -C 0-3.4-7 -r 2 -d 1 49':

     3,530,938,417      L1-dcache-loads                                             
     1,052,011,313      L1-dcache-load-misses     #   29.79% of all L1-dcache hits  

       1.039112952 seconds time elapsed

       8.106573000 seconds user
       0.015957000 seconds sys


