Specified CPU Pins:
> Subpath:
>> Thread CPU Ids: 0 
>> Thread CPU Ids: 1 
>> Thread CPU Ids: 2 
>> Thread CPU Ids: 3 
> Subpath:
>> Thread CPU Ids: 4 
>> Thread CPU Ids: 5 
>> Thread CPU Ids: 6 
>> Thread CPU Ids: 7 
Uniform distribution used
Thread idx=0 on subpath 0 starting index 0
Thread idx=3 on subpath 0 starting index 0
Thread idx=2 on subpath 0 starting index 0
Thread idx=0 on subpath 1 starting index 30164
Thread idx=1 on subpath 1 starting index 30164
Thread idx=1 on subpath 0 starting index 0
Thread idx=3 on subpath 1 starting index 30164
Thread idx=2 on subpath 1 starting index 30164
Thread 139743016093440 (pinned to CPUs: 0,) looping over subpath 0
Thread 139743007700736 (pinned to CPUs: 1,) looping over subpath 0
Thread 139742999308032 (pinned to CPUs: 2,) looping over subpath 0
Thread 139742990915328 (pinned to CPUs: 3,) looping over subpath 0
Thread 139742982522624 (pinned to CPUs: 4,) looping over subpath 1
Thread 139742974129920 (pinned to CPUs: 5,) looping over subpath 1
Thread 139742965737216 (pinned to CPUs: 6,) looping over subpath 1
Thread 139742957344512 (pinned to CPUs: 7,) looping over subpath 1
dataset=49
duration=1
cacheline=64
buffer factor=1
loop factor=1
entries/elems=4426/12544
buffer util=0.353

Per-thread results
Subpath 0/Thread 0 access count=422470553
Subpath 0/Thread 1 access count=422435145
Subpath 0/Thread 2 access count=422428506
Subpath 0/Thread 3 access count=422497109
Subpath 1/Thread 0 access count=420899323
Subpath 1/Thread 1 access count=420963500
Subpath 1/Thread 2 access count=421299876
Subpath 1/Thread 3 access count=421273320

Per-subpath results
subpath 0 access count=1689831313
subpath 1 access count=1684436019

total access count=3374267332

Perf
  dataset=49
  results=

 Performance counter stats for '../src/cachetest -T 4,4 -C 0-3.4-7 -I -r 2 -d 1 49':

     4,180,318,488      L1-dcache-loads                                             
     1,105,067,647      L1-dcache-load-misses     #   26.44% of all L1-dcache hits  

       1.056674534 seconds time elapsed

       8.270838000 seconds user
       0.007991000 seconds sys


