Uniform distribution used
Thread idx=0 on subpath 0 starting index 0
Thread idx=1 on subpath 0 starting index 0
Thread idx=2 on subpath 0 starting index 0
Thread idx=0 on subpath 1 starting index 30164
Thread idx=3 on subpath 0 starting index 0
Thread idx=2 on subpath 1 starting index 30164
Thread idx=3 on subpath 1 starting index 30164
Thread idx=1 on subpath 1 starting index 30164
dataset=49
duration=1
cacheline=64
buffer factor=1
loop factor=1
entries/elems=4426/12544
buffer util=0.353

Per-thread results
Subpath 0/Thread 0 access count=397237927
Subpath 0/Thread 1 access count=354768244
Subpath 0/Thread 2 access count=374116503
Subpath 0/Thread 3 access count=395797264
Subpath 1/Thread 0 access count=396430182
Subpath 1/Thread 1 access count=396131427
Subpath 1/Thread 2 access count=366253714
Subpath 1/Thread 3 access count=362507105

Per-subpath results
subpath 0 access count=1521919938
subpath 1 access count=1521322428

total access count=3043242366

Perf
  dataset=49
  results=

 Performance counter stats for '../src/cachetest -T 4,4 -r 2 -d 1 49':

     3,419,218,381      L1-dcache-loads                                             
       996,881,894      L1-dcache-load-misses     #   29.16% of all L1-dcache hits  

       1.038248780 seconds time elapsed

       8.126188000 seconds user
       0.011997000 seconds sys


