Uniform distribution used
Thread idx=0 on subpath 0 starting index 0
Thread idx=1 on subpath 0 starting index 0
Thread idx=2 on subpath 0 starting index 0
Thread idx=3 on subpath 0 starting index 0
Thread idx=0 on subpath 1 starting index 30164
Thread idx=1 on subpath 1 starting index 30164
Thread idx=2 on subpath 1 starting index 30164
Thread idx=3 on subpath 1 starting index 30164
dataset=49
duration=20
cacheline=64
buffer factor=1
loop factor=1
entries/elems=4426/12544
buffer util=0.353

Per-thread results
Subpath 0/Thread 0 access count=8666439951
Subpath 0/Thread 1 access count=8662903577
Subpath 0/Thread 2 access count=8656306624
Subpath 0/Thread 3 access count=8666293893
Subpath 1/Thread 0 access count=8640437201
Subpath 1/Thread 1 access count=8635537619
Subpath 1/Thread 2 access count=8627761137
Subpath 1/Thread 3 access count=8640870949

Per-subpath results
subpath 0 access count=292205677
subpath 1 access count=184868538

total access count=477074215

Perf
  dataset=49
  results=

 Performance counter stats for '../src/cachetest -T 4,4 -r 2 -d 20 49':

    69,278,575,377      L1-dcache-loads                                             
    22,634,911,430      L1-dcache-load-misses     #   32.67% of all L1-dcache hits  

      20.044705352 seconds time elapsed

     160.000697000 seconds user
       0.039999000 seconds sys


