Specified CPU Pins:
> Subpath:
>> Thread CPU Ids: 0 
>> Thread CPU Ids: 1 
>> Thread CPU Ids: 2 
>> Thread CPU Ids: 3 
> Subpath:
>> Thread CPU Ids: 4 
>> Thread CPU Ids: 5 
>> Thread CPU Ids: 6 
>> Thread CPU Ids: 7 
Uniform distribution used
Thread idx=0 on subpath 0 starting index 0
Thread idx=2 on subpath 0 starting index 0
Thread idx=0 on subpath 1 starting index 30164
Thread idx=1 on subpath 0 starting index 0
Thread idx=2 on subpath 1 starting index 30164
Thread idx=1 on subpath 1 starting index 30164
Thread idx=3 on subpath 0 starting index 0
Thread idx=3 on subpath 1 starting index 30164
Thread 140413741127424 (pinned to CPUs: 0,) looping over subpath 0
Thread 140413732734720 (pinned to CPUs: 1,) looping over subpath 0
Thread 140413724342016 (pinned to CPUs: 2,) looping over subpath 0
Thread 140413715949312 (pinned to CPUs: 3,) looping over subpath 0
Thread 140413707556608 (pinned to CPUs: 4,) looping over subpath 1
Thread 140413699163904 (pinned to CPUs: 5,) looping over subpath 1
Thread 140413690771200 (pinned to CPUs: 6,) looping over subpath 1
Thread 140413682378496 (pinned to CPUs: 7,) looping over subpath 1
dataset=49
duration=10
cacheline=64
buffer factor=1
loop factor=1
entries/elems=4426/12544
buffer util=0.353

Per-thread results
Subpath 0/Thread 0 access count=4223853516
Subpath 0/Thread 1 access count=4220337059
Subpath 0/Thread 2 access count=4226486986
Subpath 0/Thread 3 access count=4221361678
Subpath 1/Thread 0 access count=4209933746
Subpath 1/Thread 1 access count=4210934022
Subpath 1/Thread 2 access count=4212332638
Subpath 1/Thread 3 access count=4210504700

Per-subpath results
subpath 0 access count=18446744073421721671
subpath 1 access count=18446744073373387538

total access count=18446744073085557593

Perf
  dataset=49
  results=

 Performance counter stats for '../src/cachetest -T 4,4 -C 0-3.4-7 -I -r 2 -d 10 49':

    34,682,832,059      L1-dcache-loads                                             
    11,044,253,768      L1-dcache-load-misses     #   31.84% of all L1-dcache hits  

      10.060310301 seconds time elapsed

      80.287751000 seconds user
       0.015994000 seconds sys


