Specified CPU Pins:
> Subpath:
>> Thread CPU Ids: 3 2 1 0 
>> Thread CPU Ids: 3 2 1 0 
>> Thread CPU Ids: 3 2 1 0 
>> Thread CPU Ids: 3 2 1 0 
> Subpath:
>> Thread CPU Ids: 7 6 5 4 
>> Thread CPU Ids: 7 6 5 4 
>> Thread CPU Ids: 7 6 5 4 
>> Thread CPU Ids: 7 6 5 4 
Uniform distribution used
Thread idx=0 on subpath 0 starting index 0
Thread idx=0 on subpath 1 starting index 30164
Thread idx=1 on subpath 0 starting index 0
Thread idx=1 on subpath 1 starting index 30164
Thread idx=2 on subpath 1 starting index 30164
Thread idx=3 on subpath 1 starting index 30164
Thread idx=3 on subpath 0 starting index 0
Thread idx=2 on subpath 0 starting index 0
Thread 140666751006464 (pinned to CPUs: 0,1,2,3,) looping over subpath 0
Thread 140666742613760 (pinned to CPUs: 0,1,2,3,) looping over subpath 0
Thread 140666734221056 (pinned to CPUs: 0,1,2,3,) looping over subpath 0
Thread 140666725828352 (pinned to CPUs: 0,1,2,3,) looping over subpath 0
Thread 140666717435648 (pinned to CPUs: 4,5,6,7,) looping over subpath 1
Thread 140666709042944 (pinned to CPUs: 4,5,6,7,) looping over subpath 1
Thread 140666700650240 (pinned to CPUs: 4,5,6,7,) looping over subpath 1
Thread 140666692257536 (pinned to CPUs: 4,5,6,7,) looping over subpath 1
dataset=49
duration=20
cacheline=64
buffer factor=1
loop factor=1
entries/elems=4426/12544
buffer util=0.353

Per-thread results
Subpath 0/Thread 0 access count=8417962098
Subpath 0/Thread 1 access count=8408242602
Subpath 0/Thread 2 access count=8412000276
Subpath 0/Thread 3 access count=8409583680
Subpath 1/Thread 0 access count=8389582586
Subpath 1/Thread 1 access count=8389491853
Subpath 1/Thread 2 access count=8389374564
Subpath 1/Thread 3 access count=8377074710

Per-subpath results
subpath 0 access count=18446744072997601904
subpath 1 access count=18446744072895336961

total access count=18446744072183387249

Perf
  dataset=49
  results=

 Performance counter stats for '../src/cachetest -T 4,4 -C 0-3.4-7 -r 2 -d 20 49':

    67,519,212,915      L1-dcache-loads                                             
    21,979,555,543      L1-dcache-load-misses     #   32.55% of all L1-dcache hits  

      20.041887015 seconds time elapsed

     160.052570000 seconds user
       0.027995000 seconds sys


