Specified CPU Pins:
> Subpath:
>> Thread CPU Ids: 0 
>> Thread CPU Ids: 1 
>> Thread CPU Ids: 2 
>> Thread CPU Ids: 3 
> Subpath:
>> Thread CPU Ids: 4 
>> Thread CPU Ids: 5 
>> Thread CPU Ids: 6 
>> Thread CPU Ids: 7 
Uniform distribution used
Thread idx=0 on subpath 0 starting index 0
Thread idx=2 on subpath 0 starting index 0
Thread idx=3 on subpath 0 starting index 0
Thread idx=2 on subpath 1 starting index 30164
Thread idx=1 on subpath 1 starting index 30164
Thread idx=3 on subpath 1 starting index 30164
Thread idx=1 on subpath 0 starting index 0
Thread idx=0 on subpath 1 starting index 30164
Thread 140564796270336 (pinned to CPUs: 0,) looping over subpath 0
Thread 140564787877632 (pinned to CPUs: 1,) looping over subpath 0
Thread 140564779484928 (pinned to CPUs: 2,) looping over subpath 0
Thread 140564771092224 (pinned to CPUs: 3,) looping over subpath 0
Thread 140564762699520 (pinned to CPUs: 4,) looping over subpath 1
Thread 140564754306816 (pinned to CPUs: 5,) looping over subpath 1
Thread 140564745914112 (pinned to CPUs: 6,) looping over subpath 1
Thread 140564737521408 (pinned to CPUs: 7,) looping over subpath 1
dataset=49
duration=2
cacheline=64
buffer factor=1
loop factor=1
entries/elems=4426/12544
buffer util=0.353

Per-thread results
Subpath 0/Thread 0 access count=844341382
Subpath 0/Thread 1 access count=844941105
Subpath 0/Thread 2 access count=844810538
Subpath 0/Thread 3 access count=844509570
Subpath 1/Thread 0 access count=841938064
Subpath 1/Thread 1 access count=841553002
Subpath 1/Thread 2 access count=841672504
Subpath 1/Thread 3 access count=841694634

Per-subpath results
subpath 0 access count=18446744072793186915
subpath 1 access count=18446744072781442524

total access count=18446744071865077823

Perf
  dataset=49
  results=

 Performance counter stats for '../src/cachetest -T 4,4 -C 0-3.4-7 -I -r 2 -d 2 49':

     7,432,397,160      L1-dcache-loads                                             
     2,208,084,073      L1-dcache-load-misses     #   29.71% of all L1-dcache hits  

       2.051761253 seconds time elapsed

      16.227232000 seconds user
       0.011984000 seconds sys


