Uniform distribution used
Thread idx=0 on subpath 0 starting index 0
Thread idx=1 on subpath 0 starting index 0
Thread idx=2 on subpath 0 starting index 0
Thread idx=3 on subpath 0 starting index 0
Thread idx=0 on subpath 1 starting index 30164
Thread idx=1 on subpath 1 starting index 30164
Thread idx=2 on subpath 1 starting index 30164
Thread idx=3 on subpath 1 starting index 30164
dataset=49
duration=2
cacheline=64
buffer factor=1
loop factor=1
entries/elems=4426/12544
buffer util=0.353

Per-thread results
Subpath 0/Thread 0 access count=781866179
Subpath 0/Thread 1 access count=781839623
Subpath 0/Thread 2 access count=801858421
Subpath 0/Thread 3 access count=801192308
Subpath 1/Thread 0 access count=779380980
Subpath 1/Thread 1 access count=798972669
Subpath 1/Thread 2 access count=799800331
Subpath 1/Thread 3 access count=776639073

Per-subpath results
subpath 0 access count=18446744072581340851
subpath 1 access count=18446744072569377373

total access count=18446744071441166608

Perf
  dataset=49
  results=

 Performance counter stats for '../src/cachetest -T 4,4 -r 2 -d 2 49':

     6,414,544,895      L1-dcache-loads                                             
     2,067,462,298      L1-dcache-load-misses     #   32.23% of all L1-dcache hits  

       2.036515624 seconds time elapsed

      16.046507000 seconds user
       0.015998000 seconds sys


