Specified CPU Pins:
> Subpath:
>> Thread CPU Ids: 0 
>> Thread CPU Ids: 1 
>> Thread CPU Ids: 2 
>> Thread CPU Ids: 3 
> Subpath:
>> Thread CPU Ids: 4 
>> Thread CPU Ids: 5 
>> Thread CPU Ids: 6 
>> Thread CPU Ids: 7 
Uniform distribution used
Thread idx=0 on subpath 0 starting index 0
Thread idx=1 on subpath 0 starting index 0
Thread idx=2 on subpath 0 starting index 0
Thread idx=0 on subpath 1 starting index 30164
Thread idx=3 on subpath 1 starting index 30164
Thread idx=2 on subpath 1 starting index 30164
Thread idx=1 on subpath 1 starting index 30164
Thread idx=3 on subpath 0 starting index 0
Thread 140463220659968 (pinned to CPUs: 0,) looping over subpath 0
Thread 140463212267264 (pinned to CPUs: 1,) looping over subpath 0
Thread 140463203874560 (pinned to CPUs: 2,) looping over subpath 0
Thread 140463195481856 (pinned to CPUs: 3,) looping over subpath 0
Thread 140463187089152 (pinned to CPUs: 4,) looping over subpath 1
Thread 140463178696448 (pinned to CPUs: 5,) looping over subpath 1
Thread 140463170303744 (pinned to CPUs: 6,) looping over subpath 1
Thread 140463161911040 (pinned to CPUs: 7,) looping over subpath 1
dataset=49
duration=20
cacheline=64
buffer factor=1
loop factor=1
entries/elems=4426/12544
buffer util=0.353

Per-thread results
Subpath 0/Thread 0 access count=8450623765
Subpath 0/Thread 1 access count=8457773968
Subpath 0/Thread 2 access count=8457433166
Subpath 0/Thread 3 access count=8455826528
Subpath 1/Thread 0 access count=8419508985
Subpath 1/Thread 1 access count=8425114514
Subpath 1/Thread 2 access count=8429091275
Subpath 1/Thread 3 access count=8426473296

Per-subpath results
subpath 0 access count=18446744073171470675
subpath 1 access count=18446744073050001318

total access count=18446744072511920377

Perf
  dataset=49
  results=

 Performance counter stats for '../src/cachetest -T 4,4 -C 0-3.4-7 -I -r 2 -d 20 49':

    67,987,679,015      L1-dcache-loads                                             
    22,070,814,889      L1-dcache-load-misses     #   32.46% of all L1-dcache hits  

      20.044204911 seconds time elapsed

     160.122752000 seconds user
       0.015995000 seconds sys


