Specified CPU Pins:
> Subpath:
>> Thread CPU Ids: 3 2 1 0 
>> Thread CPU Ids: 3 2 1 0 
>> Thread CPU Ids: 3 2 1 0 
>> Thread CPU Ids: 3 2 1 0 
> Subpath:
>> Thread CPU Ids: 7 6 5 4 
>> Thread CPU Ids: 7 6 5 4 
>> Thread CPU Ids: 7 6 5 4 
>> Thread CPU Ids: 7 6 5 4 
Uniform distribution used
Thread idx=0 on subpath 0 starting index 0
Thread idx=0 on subpath 1 starting index 30164
Thread idx=1 on subpath 1 starting index 30164
Thread idx=1 on subpath 0 starting index 0
Thread idx=3 on subpath 1 starting index 30164
Thread idx=2 on subpath 1 starting index 30164
Thread idx=2 on subpath 0 starting index 0
Thread idx=3 on subpath 0 starting index 0
Thread 140194733766400 (pinned to CPUs: 0,1,2,3,) looping over subpath 0
Thread 140194725373696 (pinned to CPUs: 0,1,2,3,) looping over subpath 0
Thread 140194716980992 (pinned to CPUs: 0,1,2,3,) looping over subpath 0
Thread 140194708588288 (pinned to CPUs: 0,1,2,3,) looping over subpath 0
Thread 140194700195584 (pinned to CPUs: 4,5,6,7,) looping over subpath 1
Thread 140194691802880 (pinned to CPUs: 4,5,6,7,) looping over subpath 1
Thread 140194683410176 (pinned to CPUs: 4,5,6,7,) looping over subpath 1
Thread 140194675017472 (pinned to CPUs: 4,5,6,7,) looping over subpath 1
dataset=49
duration=10
cacheline=64
buffer factor=1
loop factor=1
entries/elems=4426/12544
buffer util=0.353

Per-thread results
Subpath 0/Thread 0 access count=4202037762
Subpath 0/Thread 1 access count=4199804845
Subpath 0/Thread 2 access count=4199225039
Subpath 0/Thread 3 access count=4197726838
Subpath 1/Thread 0 access count=4190811213
Subpath 1/Thread 1 access count=4190061006
Subpath 1/Thread 2 access count=4189844132
Subpath 1/Thread 3 access count=4188210938

Per-subpath results
subpath 0 access count=18446744073328476916
subpath 1 access count=18446744073288609721

total access count=18446744072907535021

Perf
  dataset=49
  results=

 Performance counter stats for '../src/cachetest -T 4,4 -C 0-3.4-7 -r 2 -d 10 49':

    34,010,109,518      L1-dcache-loads                                             
    10,975,729,535      L1-dcache-load-misses     #   32.27% of all L1-dcache hits  

      10.041616542 seconds time elapsed

      80.126672000 seconds user
       0.015994000 seconds sys


